// Jest Snapshot v1, https://goo.gl/fbAQLP

exports[`render the Board 1`] = `ShallowWrapper {}`;
