// Jest Snapshot v1, https://goo.gl/fbAQLP

exports[`render a Card 1`] = `ShallowWrapper {}`;
