// Jest Snapshot v1, https://goo.gl/fbAQLP

exports[`render Game 1`] = `ShallowWrapper {}`;
